[LOCAL CPU-ONLY HARNESS WORKAROUND] active for run_tool_benchmark.py (torch 2.14.0+cpu, cuda_available=False)
🤖 Provider: fdagent
📋 Loaded 100 scenarios
  🧹 Cleared agent heartbeat log.
📁 Found 100 input.wav files
   Filtered to PID=61517db6a7589569521b2356: 10
   Filtered to example=ecommerce_08: 1
🔊 Loading ASR model...
OneLogger: Setting error_handling_strategy to DISABLE_QUIETLY_AND_REPORT_METRIC_ERROR for rank (rank=0) with OneLogger disabled. To override: explicitly set error_handling_strategy parameter.
No exporters were provided. This means that no telemetry data will be collected.
[NeMo I 2026-09-30 12:01:24 mixins:194] Tokenizer SentencePieceTokenizer initialized with 1024 tokens
[NeMo W 2026-09-30 12:01:25 modelPT:175] If you intend to do training or fine-tuning, please call the ModelPT.setup_training_data() method and provide a valid configuration file to setup the train data loader.
    Train config : 
    use_lhotse: true
    skip_missing_manifest_entries: true
    input_cfg: null
    tarred_audio_filepaths: null
    manifest_filepath: null
    sample_rate: 16000
    shuffle: true
    num_workers: 2
    pin_memory: true
    max_duration: 40.0
    min_duration: 0.1
    text_field: answer
    batch_duration: null
    use_bucketing: true
    bucket_duration_bins: null
    bucket_batch_size: null
    num_buckets: 30
    bucket_buffer_size: 20000
    shuffle_buffer_size: 10000
    
[NeMo W 2026-09-30 12:01:25 modelPT:182] If you intend to do validation, please call the ModelPT.setup_validation_data() or ModelPT.setup_multiple_validation_data() method and provide a valid configuration file to setup the validation data loader(s). 
    Validation config : 
    use_lhotse: true
    manifest_filepath: null
    sample_rate: 16000
    batch_size: 16
    shuffle: false
    max_duration: 40.0
    min_duration: 0.1
    num_workers: 2
    pin_memory: true
    text_field: answer
    
[NeMo I 2026-09-30 12:01:31 rnnt_models:226] Using RNNT Loss : tdt
    Loss tdt_kwargs: {'fastemit_lambda': 0.0, 'clamp': -1.0, 'durations': [0, 1, 2, 3, 4], 'sigma': 0.02, 'omega': 0.1}
[NeMo I 2026-09-30 12:01:31 rnnt_models:226] Using RNNT Loss : tdt
    Loss tdt_kwargs: {'fastemit_lambda': 0.0, 'clamp': -1.0, 'durations': [0, 1, 2, 3, 4], 'sigma': 0.02, 'omega': 0.1}
[NeMo W 2026-09-30 12:01:31 label_looping_base:143] No conditional node support for Cuda.
    Cuda graphs with while loops are disabled, decoding speed will be slower
    Reason: CUDA is not available
[NeMo I 2026-09-30 12:01:31 rnnt_models:226] Using RNNT Loss : tdt
    Loss tdt_kwargs: {'fastemit_lambda': 0.0, 'clamp': -1.0, 'durations': [0, 1, 2, 3, 4], 'sigma': 0.02, 'omega': 0.1}
[NeMo W 2026-09-30 12:01:31 label_looping_base:143] No conditional node support for Cuda.
    Cuda graphs with while loops are disabled, decoding speed will be slower
    Reason: CUDA is not available
[NeMo I 2026-09-30 12:01:50 save_restore_connector:287] Model EncDecRNNTBPEModel was successfully restored from /home/chera/.cache/huggingface/hub/models--nvidia--parakeet-tdt-0.6b-v2/snapshots/ae9ad07059c7c739ffaf932226a8fe64ae2620b0/parakeet-tdt-0.6b-v2.nemo.
[LOCAL CPU-ONLY HARNESS WORKAROUND] CUDA unavailable: EncDecRNNTBPEModel.cuda() skipped; model stays on CPU
✅ ASR model loaded

============================================================
📂 PID=61517db6... / example_ecommerce_08 [ecommerce_support]
  🚀 Running LiveKit inference with provider=fdagent...
  🔗 Streaming via livekit_inference.py into room: eval-2d650d8d
  ✅ livekit_inference.py finished successfully.
  🗣️  Running ASR on input audio...
[NeMo I 2026-09-30 12:02:58 rnnt_models:296] Timestamps requested, setting decoding timestamps to True. Capture them in Hypothesis object,                         with output[0][idx].timestep['word'/'segment'/'char']
[NeMo I 2026-09-30 12:02:58 rnnt_models:226] Using RNNT Loss : tdt
    Loss tdt_kwargs: {'fastemit_lambda': 0.0, 'clamp': -1.0, 'durations': [0, 1, 2, 3, 4], 'sigma': 0.02, 'omega': 0.1}
[NeMo W 2026-09-30 12:02:58 label_looping_base:143] No conditional node support for Cuda.
    Cuda graphs with while loops are disabled, decoding speed will be slower
    Reason: CUDA is not available
[NeMo W 2026-09-30 12:02:59 dataloader:881] The following configuration keys are ignored by Lhotse dataloader: use_start_end_token
[NeMo W 2026-09-30 12:02:59 dataloader:533] You are using a non-tarred dataset and requested tokenization during data sampling (pretokenize=True). This will cause the tokenization to happen in the main (GPU) process,possibly impacting the training speed if your tokenizer is very large.If the impact is noticable, set pretokenize=False in dataloader config.(note: that will disable token-per-second filtering and 2D bucketing features)
Transcribing: 0it [00:00, ?it/s][NeMo W 2026-09-30 12:02:59 nemo_logging:364] /home/chera/fdagent-venv/lib/python3.12/site-packages/torch/utils/data/dataloader.py:759: UserWarning: 'pin_memory' argument is set as true but no accelerator is found, then device pinned memory won't be used.
      super().__init__(loader)
    
Transcribing: 1it [00:34, 34.85s/it]Transcribing: 1it [00:34, 34.86s/it]
  ⏱️  Measuring latency...
  🗣️  Running ASR on model output...
[NeMo I 2026-09-30 12:03:34 rnnt_models:296] Timestamps requested, setting decoding timestamps to True. Capture them in Hypothesis object,                         with output[0][idx].timestep['word'/'segment'/'char']
[NeMo W 2026-09-30 12:03:34 dataloader:881] The following configuration keys are ignored by Lhotse dataloader: use_start_end_token
[NeMo W 2026-09-30 12:03:34 dataloader:533] You are using a non-tarred dataset and requested tokenization during data sampling (pretokenize=True). This will cause the tokenization to happen in the main (GPU) process,possibly impacting the training speed if your tokenizer is very large.If the impact is noticable, set pretokenize=False in dataloader config.(note: that will disable token-per-second filtering and 2D bucketing features)
Transcribing: 0it [00:00, ?it/s]Transcribing: 1it [00:05,  5.34s/it]Transcribing: 1it [00:05,  5.34s/it]
  📝 Transcript: Okay, one moment. How can I help?...
  ⏱️  Perceived Latency: 14.16s (Agent Start: 26.96s - User End: 12.8s)
  💾 Saved: result_fdagent.json

============================================================
📊 Evaluation Summary (fdagent)
   Completed: 1, Failed: 0, Skipped: 0
   Avg first-speech latency: 26.45s
   Median first-speech latency: 26.45s
   📄 Summary saved: /mnt/c/Users/chera/Downloads/Samsung Prism/third_party/Full-Duplex-Bench/v3/fdb_v3_data_released/evaluation_summary_fdagent.json
